// Jest Snapshot v1, https://goo.gl/fbAQLP

exports[`PokemonPager render correctly 1`] = `
<ul
  className="pager"
>
  <button
    className="btn btn-default"
    disabled={true}
    onClick={[MockFunction]}
    onSelect={null}
    type="button"
  >
    Anterior
  </button>
   
  <button
    className="btn btn-default"
    disabled={false}
    onClick={[MockFunction]}
    onSelect={null}
    type="button"
  >
    Pr√≥xima
  </button>
</ul>
`;
