exports[`PokemonListGroup render correctly 1`] = `
<div
  className="list-group">
  <a
    className="list-group-item"
    href="http://pokeapi.co/api/v2/pokemon/1/">
     
    bulbasaur
     
  </a>
  <a
    className="list-group-item"
    href="http://pokeapi.co/api/v2/pokemon/2/">
     
    ivysaur
     
  </a>
</div>
`;
